[www.devsnews.com/template/orgafe/orgafe/index.html]
[backblue.gif]
[fade.gif]
[index.html]
[www.devsnews.com/template/orgafe/orgafe/img/favicon.ico]
[www.devsnews.com/template/orgafe/orgafe/css/bootstrap.min.css]
[www.devsnews.com/template/orgafe/orgafe/css/owl.carousel.min.css]
[www.devsnews.com/template/orgafe/orgafe/css/animate.min.css]
[www.devsnews.com/template/orgafe/orgafe/css/magnific-popup.css]
[www.devsnews.com/template/orgafe/orgafe/css/fontawesome-all.min.css]
[www.devsnews.com/template/orgafe/orgafe/css/dripicons.css]
[www.devsnews.com/template/orgafe/orgafe/css/meanmenu.css]
[www.devsnews.com/template/orgafe/orgafe/css/slick.css]
[www.devsnews.com/template/orgafe/orgafe/css/default.css]
[www.devsnews.com/template/orgafe/orgafe/css/responsive.css]
[www.devsnews.com/template/orgafe/orgafe/img/logo/logo.png]
[www.devsnews.com/template/orgafe/orgafe/css/style.css]
[www.devsnews.com/template/orgafe/orgafe/index-2.html]
[www.devsnews.com/template/orgafe/orgafe/index-3.html]
[www.devsnews.com/template/orgafe/orgafe/about.html]
[www.devsnews.com/template/orgafe/orgafe/services.html]
[www.devsnews.com/template/orgafe/orgafe/shop.html]
[www.devsnews.com/template/orgafe/orgafe/blog.html]
[www.devsnews.com/template/orgafe/orgafe/gallery.html]
[www.devsnews.com/template/orgafe/orgafe/gallery-no-gutter.html]
[www.devsnews.com/template/orgafe/orgafe/gallery-2-col-no-gutter.html]
[www.devsnews.com/template/orgafe/orgafe/gallery-2-col.html]
[www.devsnews.com/template/orgafe/orgafe/gallery-details.html]
[www.devsnews.com/template/orgafe/orgafe/faq.html]
[www.devsnews.com/template/orgafe/orgafe/team.html]
[www.devsnews.com/template/orgafe/orgafe/blog-details.html]
[www.devsnews.com/template/orgafe/orgafe/services-details.html]
[www.devsnews.com/template/orgafe/orgafe/404.html]
[www.devsnews.com/template/orgafe/orgafe/contact.html]
[www.devsnews.com/template/orgafe/orgafe/img/logo/logo-white.png]
[www.devsnews.com/template/orgafe/orgafe/img/gallery/gallery1.jpg]
[www.devsnews.com/template/orgafe/orgafe/img/gallery/gallery2.jpg]
[www.devsnews.com/template/orgafe/orgafe/img/gallery/gallery3.jpg]
[www.devsnews.com/template/orgafe/orgafe/img/gallery/gallery4.jpg]
[www.devsnews.com/template/orgafe/orgafe/img/gallery/gallery5.jpg]
[www.devsnews.com/template/orgafe/orgafe/img/gallery/gallery6.jpg]
[www.devsnews.com/template/orgafe/orgafe/img/slider/slider1.jpg]
[www.devsnews.com/template/orgafe/orgafe/product-details.html]
[www.devsnews.com/template/orgafe/orgafe/img/shape/shape3.png]
[www.devsnews.com/template/orgafe/orgafe/img/about/about.jpg]
[www.devsnews.com/template/orgafe/orgafe/img/icon/icon1.png]
[www.devsnews.com/template/orgafe/orgafe/img/bg/bg1.jpg]
[www.devsnews.com/template/orgafe/orgafe/img/icon/fea1.png]
[www.devsnews.com/template/orgafe/orgafe/img/icon/shape1.png]
[www.devsnews.com/template/orgafe/orgafe/img/icon/fea2.png]
[www.devsnews.com/template/orgafe/orgafe/img/icon/shape2.png]
[www.devsnews.com/template/orgafe/orgafe/img/icon/fea3.png]
[www.devsnews.com/template/orgafe/orgafe/img/icon/fea4.png]
[www.devsnews.com/template/orgafe/orgafe/img/shape/pro1.png]
[www.devsnews.com/template/orgafe/orgafe/img/shape/pro2.png]
[www.devsnews.com/template/orgafe/orgafe/img/shape/pro3.png]
[www.devsnews.com/template/orgafe/orgafe/img/shape/pro4.png]
[www.devsnews.com/template/orgafe/orgafe/img/icon/icon2.png]
[www.devsnews.com/template/orgafe/orgafe/img/product/product1.png]
[www.devsnews.com/template/orgafe/orgafe/img/product/product2.png]
[www.devsnews.com/template/orgafe/orgafe/img/product/product3.png]
[www.devsnews.com/template/orgafe/orgafe/img/product/product4.png]
[www.devsnews.com/template/orgafe/orgafe/img/bg/bg2.jpg]
[www.devsnews.com/template/orgafe/orgafe/img/bg/bg1.png]
[www.devsnews.com/template/orgafe/orgafe/img/icon/icon3.png]
[www.devsnews.com/template/orgafe/orgafe/img/bg/bg3.jpg]
[www.devsnews.com/template/orgafe/orgafe/img/bg/bg2.png]
[www.devsnews.com/template/orgafe/orgafe/img/icon/icon5.png]
[www.devsnews.com/template/orgafe/orgafe/img/team/team1.jpg]
[www.devsnews.com/template/orgafe/orgafe/img/team/team2.jpg]
[www.devsnews.com/template/orgafe/orgafe/img/team/team3.jpg]
[www.devsnews.com/template/orgafe/orgafe/img/team/team4.jpg]
[www.devsnews.com/template/orgafe/orgafe/img/bg/bg4.jpg]
[www.devsnews.com/template/orgafe/orgafe/img/icon/c1.png]
[www.devsnews.com/template/orgafe/orgafe/img/icon/c2.png]
[www.devsnews.com/template/orgafe/orgafe/img/icon/c3.png]
[www.devsnews.com/template/orgafe/orgafe/img/icon/icon6.png]
[www.devsnews.com/template/orgafe/orgafe/img/testimonial/test.png]
[www.devsnews.com/template/orgafe/orgafe/img/shape/shape1.png]
[www.devsnews.com/template/orgafe/orgafe/img/shape/shape2.png]
[www.devsnews.com/template/orgafe/orgafe/img/icon/icon7.png]
[www.devsnews.com/template/orgafe/orgafe/img/blog/blog1.jpg]
[www.devsnews.com/template/orgafe/orgafe/img/blog/blog2.jpg]
[www.devsnews.com/template/orgafe/orgafe/img/blog/blog3.jpg]
[www.devsnews.com/template/orgafe/orgafe/img/bg/bg5.jpg]
[www.devsnews.com/template/orgafe/orgafe/img/instagram/instagram1.jpg]
[www.devsnews.com/template/orgafe/orgafe/img/instagram/instagram2.jpg]
[www.devsnews.com/template/orgafe/orgafe/img/instagram/instagram3.jpg]
[www.devsnews.com/template/orgafe/orgafe/img/instagram/instagram4.jpg]
[www.devsnews.com/template/orgafe/orgafe/img/instagram/instagram5.jpg]
[www.devsnews.com/template/orgafe/orgafe/img/instagram/instagram6.jpg]
[www.devsnews.com/template/orgafe/orgafe/js/vendor/modernizr-3.5.0.min.js]
[www.devsnews.com/template/orgafe/orgafe/js/popper.min.js]
[www.devsnews.com/template/orgafe/orgafe/js/vendor/jquery-1.12.4.min.js]
[www.devsnews.com/template/orgafe/orgafe/js/bootstrap.min.js]
[www.devsnews.com/template/orgafe/orgafe/js/jquery.counterup.min.js]
[www.devsnews.com/template/orgafe/orgafe/js/jquery.countdown.min.js]
[www.devsnews.com/template/orgafe/orgafe/js/waypoints.min.js]
[www.devsnews.com/template/orgafe/orgafe/js/owl.carousel.min.js]
[www.devsnews.com/template/orgafe/orgafe/js/isotope.pkgd.min.js]
[www.devsnews.com/template/orgafe/orgafe/js/slick.min.js]
[www.devsnews.com/template/orgafe/orgafe/js/jquery.meanmenu.min.js]
[www.devsnews.com/template/orgafe/orgafe/js/ajax-form.js]
[www.devsnews.com/template/orgafe/orgafe/js/wow.min.js]
[www.devsnews.com/template/orgafe/orgafe/js/jquery.scrollUp.min.js]
[www.devsnews.com/template/orgafe/orgafe/js/imagesloaded.pkgd.min.js]
[www.devsnews.com/template/orgafe/orgafe/js/jquery.magnific-popup.min.js]
[www.devsnews.com/template/orgafe/orgafe/js/plugins.js]
[www.devsnews.com/template/orgafe/orgafe/index.html]
[www.devsnews.com/template/orgafe/orgafe/site.html]
[www.devsnews.com/template/orgafe/orgafe/css/bootstrap.min.css]
[www.devsnews.com/template/orgafe/orgafe/js/main.js]
[www.devsnews.com/template/orgafe/orgafe/css/owl.carousel.min.css]
[www.devsnews.com/template/orgafe/orgafe/css/animate.min.css]
[www.devsnews.com/template/orgafe/orgafe/css/magnific-popup.css]
[www.devsnews.com/template/orgafe/orgafe/fonts/fa-brands-400.eot]
[www.devsnews.com/template/orgafe/orgafe/fonts/fa-brands-400d41d.eot]
[www.devsnews.com/template/orgafe/orgafe/fonts/fa-brands-400.woff]
[www.devsnews.com/template/orgafe/orgafe/fonts/fa-brands-400.ttf]
[www.devsnews.com/template/orgafe/orgafe/fonts/fa-regular-400.eot]
[www.devsnews.com/template/orgafe/orgafe/fonts/fa-regular-400d41d.eot]
[www.devsnews.com/template/orgafe/orgafe/fonts/fa-regular-400.woff]
[www.devsnews.com/template/orgafe/orgafe/fonts/fa-regular-400.ttf]
[www.devsnews.com/template/orgafe/orgafe/fonts/fa-solid-900.eot]
[www.devsnews.com/template/orgafe/orgafe/fonts/fa-solid-900d41d.eot]
[www.devsnews.com/template/orgafe/orgafe/fonts/fa-solid-900.woff]
[www.devsnews.com/template/orgafe/orgafe/fonts/fa-solid-900.ttf]
[www.devsnews.com/template/orgafe/orgafe/css/fontawesome-all.min.css]
[www.devsnews.com/template/orgafe/orgafe/fonts/dripicons-v2.eot]
[www.devsnews.com/template/orgafe/orgafe/fonts/dripicons-v2d41d.eot]
[www.devsnews.com/template/orgafe/orgafe/fonts/dripicons-v2.woff]
[www.devsnews.com/template/orgafe/orgafe/fonts/dripicons-v2.ttf]
[www.devsnews.com/template/orgafe/orgafe/css/dripicons.css]
[www.devsnews.com/template/orgafe/orgafe/css/meanmenu.css]
[www.devsnews.com/template/orgafe/orgafe/css/slick.css]
[www.devsnews.com/template/orgafe/orgafe/css/default.css]
[www.devsnews.com/template/orgafe/orgafe/css/style.css]
[www.devsnews.com/template/orgafe/orgafe/css/responsive.css]
[www.devsnews.com/template/orgafe/orgafe/img/slider/sl1.png]
[www.devsnews.com/template/orgafe/orgafe/img/slider/slider2.jpg]
[www.devsnews.com/template/orgafe/orgafe/img/about/about1.png]
[www.devsnews.com/template/orgafe/orgafe/img/icon/f1.png]
[www.devsnews.com/template/orgafe/orgafe/img/icon/f2.png]
[www.devsnews.com/template/orgafe/orgafe/img/icon/f3.png]
[www.devsnews.com/template/orgafe/orgafe/img/bg/bg6.jpg]
[www.devsnews.com/template/orgafe/orgafe/img/icon/ser1.png]
[www.devsnews.com/template/orgafe/orgafe/img/icon/ser2.png]
[www.devsnews.com/template/orgafe/orgafe/img/icon/ser3.png]
[www.devsnews.com/template/orgafe/orgafe/img/icon/icon8.png]
[www.devsnews.com/template/orgafe/orgafe/img/bg/bg7.jpg]
[www.devsnews.com/template/orgafe/orgafe/img/bg/bg3.png]
[www.devsnews.com/template/orgafe/orgafe/img/bg/bg8.jpg]
[www.devsnews.com/template/orgafe/orgafe/img/bg/deal.png]
[www.devsnews.com/template/orgafe/orgafe/img/shape/te1.png]
[www.devsnews.com/template/orgafe/orgafe/img/shape/te2.png]
[www.devsnews.com/template/orgafe/orgafe/img/shape/te3.png]
[www.devsnews.com/template/orgafe/orgafe/img/shape/te4.png]
[www.devsnews.com/template/orgafe/orgafe/img/bg/bg9.jpg]
[www.devsnews.com/template/orgafe/orgafe/img/bg/bg10.jpg]
[www.devsnews.com/template/orgafe/orgafe/img/blog/blog-4.jpg]
[www.devsnews.com/template/orgafe/orgafe/img/blog/blog-5.jpg]
[www.devsnews.com/template/orgafe/orgafe/img/brand/brand1.png]
[www.devsnews.com/template/orgafe/orgafe/index-2.html]
[www.devsnews.com/template/orgafe/orgafe/img/slider/sl2.png]
[www.devsnews.com/template/orgafe/orgafe/img/slider/sl3.png]
[www.devsnews.com/template/orgafe/orgafe/img/slider/sl4.png]
[www.devsnews.com/template/orgafe/orgafe/img/slider/sl5.png]
[www.devsnews.com/template/orgafe/orgafe/img/slider/slider3.jpg]
[www.devsnews.com/template/orgafe/orgafe/img/shape/ab1.png]
[www.devsnews.com/template/orgafe/orgafe/img/shape/ab2.png]
[www.devsnews.com/template/orgafe/orgafe/img/shape/ab3.png]
[www.devsnews.com/template/orgafe/orgafe/img/bg/bg4.png]
[www.devsnews.com/template/orgafe/orgafe/img/bg/bg11.jpg]
[www.devsnews.com/template/orgafe/orgafe/img/bg/bg12.jpg]
[www.devsnews.com/template/orgafe/orgafe/img/bg/deal1.png]
[www.devsnews.com/template/orgafe/orgafe/img/shape/s1.png]
[www.devsnews.com/template/orgafe/orgafe/img/shape/s2.png]
[www.devsnews.com/template/orgafe/orgafe/img/icon/s1.png]
[www.devsnews.com/template/orgafe/orgafe/img/icon/s2.png]
[www.devsnews.com/template/orgafe/orgafe/img/icon/s3.png]
[www.devsnews.com/template/orgafe/orgafe/img/icon/s4.png]
[www.devsnews.com/template/orgafe/orgafe/img/icon/s5.png]
[www.devsnews.com/template/orgafe/orgafe/img/icon/s6.png]
[www.devsnews.com/template/orgafe/orgafe/img/shape/b.png]
[www.devsnews.com/template/orgafe/orgafe/img/shape/b2.png]
[www.devsnews.com/template/orgafe/orgafe/img/brand/01.png]
[www.devsnews.com/template/orgafe/orgafe/img/brand/02.png]
[www.devsnews.com/template/orgafe/orgafe/img/brand/03.png]
[www.devsnews.com/template/orgafe/orgafe/img/brand/04.png]
[www.devsnews.com/template/orgafe/orgafe/img/brand/05.png]
[www.devsnews.com/template/orgafe/orgafe/img/bg/bg13.jpg]
[www.devsnews.com/template/orgafe/orgafe/img/testimonial/test1.png]
[www.devsnews.com/template/orgafe/orgafe/img/shape/bl1.png]
[www.devsnews.com/template/orgafe/orgafe/img/shape/bl2.png]
[www.devsnews.com/template/orgafe/orgafe/img/shape/bl3.png]
[www.devsnews.com/template/orgafe/orgafe/img/shape/bl4.png]
[www.devsnews.com/template/orgafe/orgafe/img/blog/blog5.jpg]
[www.devsnews.com/template/orgafe/orgafe/img/blog/blog6.jpg]
[www.devsnews.com/template/orgafe/orgafe/img/bg/bg14.jpg]
[www.devsnews.com/template/orgafe/orgafe/index-3.html]
[www.devsnews.com/template/orgafe/orgafe/img/bg/bg15.jpg]
[www.devsnews.com/template/orgafe/orgafe/img/about/about2.jpg]
[www.devsnews.com/template/orgafe/orgafe/img/about/about3.jpg]
[www.devsnews.com/template/orgafe/orgafe/img/bg/bg16.jpg]
[www.devsnews.com/template/orgafe/orgafe/img/bg/what.png]
[www.devsnews.com/template/orgafe/orgafe/img/bg/bg17.jpg]
[www.devsnews.com/template/orgafe/orgafe/img/icon/w1.png]
[www.devsnews.com/template/orgafe/orgafe/img/icon/w2.png]
[www.devsnews.com/template/orgafe/orgafe/img/icon/w3.png]
[www.devsnews.com/template/orgafe/orgafe/about.html]
[www.devsnews.com/template/orgafe/orgafe/img/icon/icon9.png]
[www.devsnews.com/template/orgafe/orgafe/img/bg/bg18.jpg]
[www.devsnews.com/template/orgafe/orgafe/img/bg/bg19.jpg]
[www.devsnews.com/template/orgafe/orgafe/img/icon/p1.png]
[www.devsnews.com/template/orgafe/orgafe/img/icon/p2.png]
[www.devsnews.com/template/orgafe/orgafe/img/icon/p3.png]
[www.devsnews.com/template/orgafe/orgafe/services.html]
[www.devsnews.com/template/orgafe/orgafe/img/product/product5.png]
[www.devsnews.com/template/orgafe/orgafe/img/product/product6.png]
[www.devsnews.com/template/orgafe/orgafe/img/product/product7.png]
[www.devsnews.com/template/orgafe/orgafe/shop.html]
[www.devsnews.com/template/orgafe/orgafe/img/blog/b1.jpg]
[www.devsnews.com/template/orgafe/orgafe/img/blog/b2.jpg]
[www.devsnews.com/template/orgafe/orgafe/img/blog/b4.jpg]
[www.devsnews.com/template/orgafe/orgafe/img/blog/b3.jpg]
[www.devsnews.com/template/orgafe/orgafe/img/blog/details/me.png]
[www.devsnews.com/template/orgafe/orgafe/img/blog/details/img1.jpg]
[www.devsnews.com/template/orgafe/orgafe/img/blog/details/img2.jpg]
[www.devsnews.com/template/orgafe/orgafe/img/blog/details/img3.jpg]
[www.devsnews.com/template/orgafe/orgafe/blog.html]
[www.devsnews.com/template/orgafe/orgafe/gallery.html]
[www.devsnews.com/template/orgafe/orgafe/gallery-no-gutter.html]
[www.devsnews.com/template/orgafe/orgafe/img/gallery/lg1.jpg]
[www.devsnews.com/template/orgafe/orgafe/img/gallery/lg2.jpg]
[www.devsnews.com/template/orgafe/orgafe/img/gallery/lg3.jpg]
[www.devsnews.com/template/orgafe/orgafe/img/gallery/lg4.jpg]
[www.devsnews.com/template/orgafe/orgafe/img/gallery/lg5.jpg]
[www.devsnews.com/template/orgafe/orgafe/gallery-2-col.html]
[www.devsnews.com/template/orgafe/orgafe/gallery-2-col-no-gutter.html]
[www.devsnews.com/template/orgafe/orgafe/gallery-details.html]
[www.devsnews.com/template/orgafe/orgafe/faq.html]
[www.devsnews.com/template/orgafe/orgafe/img/team/team5.jpg]
[www.devsnews.com/template/orgafe/orgafe/img/team/team6.jpg]
[www.devsnews.com/template/orgafe/orgafe/img/team/team7.jpg]
[www.devsnews.com/template/orgafe/orgafe/img/team/team8.jpg]
[www.devsnews.com/template/orgafe/orgafe/img/bg/bg20.jpg]
[www.devsnews.com/template/orgafe/orgafe/team.html]
[www.devsnews.com/template/orgafe/orgafe/img/blog/details/author.png]
[www.devsnews.com/template/orgafe/orgafe/img/blog/details/comments1.png]
[www.devsnews.com/template/orgafe/orgafe/img/blog/details/comments2.png]
[www.devsnews.com/template/orgafe/orgafe/blog-details.html]
[www.devsnews.com/template/orgafe/orgafe/img/product/lg1.jpg]
[www.devsnews.com/template/orgafe/orgafe/img/product/comments/01.png]
[www.devsnews.com/template/orgafe/orgafe/img/product/comments/02.png]
[www.devsnews.com/template/orgafe/orgafe/product-details.html]
[www.devsnews.com/template/orgafe/orgafe/img/service/sidebar1.jpg]
[www.devsnews.com/template/orgafe/orgafe/img/service/s-banner.jpg]
[www.devsnews.com/template/orgafe/orgafe/img/service/ser1.jpg]
[www.devsnews.com/template/orgafe/orgafe/img/service/icon.png]
[www.devsnews.com/template/orgafe/orgafe/img/service/ser2.png]
[www.devsnews.com/template/orgafe/orgafe/img/service/ser3.jpg]
[www.devsnews.com/template/orgafe/orgafe/img/service/ser4.jpg]
[www.devsnews.com/template/orgafe/orgafe/services-details.html]
[www.devsnews.com/template/orgafe/orgafe/img/bg/404.png]
[www.devsnews.com/template/orgafe/orgafe/404.html]
[www.devsnews.com/template/orgafe/orgafe/contact.html]
[www.devsnews.com/template/orgafe/orgafe/css/owl.video.play.html]
[www.devsnews.com/template/orgafe/orgafe/fonts/fa-brands-400.html]
[www.devsnews.com/template/orgafe/orgafe/fonts/fa-brands-400.svg]
[www.devsnews.com/template/orgafe/orgafe/fonts/fa-regular-400.html]
[www.devsnews.com/template/orgafe/orgafe/fonts/fa-regular-400.svg]
[www.devsnews.com/template/orgafe/orgafe/fonts/fa-solid-900.html]
[www.devsnews.com/template/orgafe/orgafe/fonts/fa-solid-900.svg]
[www.devsnews.com/template/orgafe/orgafe/fonts/dripicons-v2.svg]
